// Jest Snapshot v1, https://goo.gl/fbAQLP

exports[`Components - Header::Logo is snapshotable 1`] = `
<div
  className="header-logo"
>
  <a
    className="header-link"
    href="/"
    onClick={[Function]}
  >
    <img
      alt="Site Logo"
      src="dus-logo.png"
    />
  </a>
</div>
`;
